Γû▓ Next.js 16.1.6 (Turbopack)
- Environments: .env.local

  Creating an optimized production build ...
node.exe : 
At C:\Program 
Files\nodejs\npx.ps1:29 char:3
+   & $NODE_EXE $NPX_CLI_JS $args
+   ~~~~~~~~~~~~~~~~~~~~~~~~~~~~~
    + CategoryInfo          : 
NotSpecifi    ed: (:String) [], 
RemoteException
    + FullyQualifiedErrorId : 
NativeComm    andError
 
> Build error occurred
Error: Turbopack build failed with 5 
errors:
./components/guide-dashboard.tsx:4:1
Module not found: Can't resolve 
'@/components/ui/badge'
[0m [90m 2 |[39m
 [90m 3 |[39m [36mimport[39m { 
useState } [36mfrom[39m 
[32m'react'[39m[33m;[39m
[31m[1m>[22m[39m[90m 4 |[39m 
[36mimport[39m { [33mBadge[39m } 
[36mfrom[39m [32m'@/components/ui/
badge'[39m[33m;[39m
 [90m   |[39m [31m[1m^[22m[39m
[31m[1m^[22m[39m[31m[1m^[22m[3
9m[31m[1m^[22m[39m[31m[1m^[22m
[39m[31m[1m^[22m[39m[31m[1m^[
22m[39m[31m[1m^[22m[39m[31m[1m
^[22m[39m[31m[1m^[22m[39m[31m
[1m^[22m[39m[31m[1m^[22m[39m[3
1m[1m^[22m[39m[31m[1m^[22m[39m
[31m[1m^[22m[39m[31m[1m^[22m[
39m[31m[1m^[22m[39m[31m[1m^[22
m[39m[31m[1m^[22m[39m[31m[1m^
[22m[39m[31m[1m^[22m[39m[31m[1
m^[22m[39m[31m[1m^[22m[39m[31m
[1m^[22m[39m[31m[1m^[22m[39m[
31m[1m^[22m[39m[31m[1m^[22m[39
m[31m[1m^[22m[39m[31m[1m^[22m
[39m[31m[1m^[22m[39m[31m[1m^[2
2m[39m[31m[1m^[22m[39m[31m[1m^
[22m[39m[31m[1m^[22m[39m[31m[
1m^[22m[39m[31m[1m^[22m[39m[31
m[1m^[22m[39m[31m[1m^[22m[39m
[31m[1m^[22m[39m[31m[1m^[22m[3
9m[31m[1m^[22m[39m[31m[1m^[22m
[39m[31m[1m^[22m[39m[31m[1m^[
22m[39m[31m[1m^[22m[39m[31m[1m
^[22m[39m
 [90m 5 |[39m [36mimport[39m { 
[33mCard[39m[33m,[39m 
[33mCardContent[39m[33m,[39m 
[33mCardDescription[39m[33m,[39m 
[33mCardHeader[39m[33m,[39m 
[33mCardTitle[39m } [36mfrom[39m 
[32m'@/components/ui/card'[39m[33m
;[39m
 [90m 6 |[39m [36mimport[39m { 
[33mFileCode[39m[33m,[39m 
[33mAlertCircle[39m[33m,[39m 
[33mWrench[39m[33m,[39m 
[33mGitCommit[39m[33m,[39m 
[33mSearch[39m[33m,[39m 
[33mCheckCircle2[39m } 
[36mfrom[39m 
[32m'lucide-react'[39m[33m;[39m
 [90m 7 |[39m [36mimport[39m { 
[33mInput[39m } [36mfrom[39m [32
m'@/components/ui/input'[39m[33m;[
39m[0m

Import map: aliased to relative 
'./components/ui/badge' inside of 
[project]/


Import trace:
  Server Component:
    ./components/guide-dashboard.tsx
    ./app/guide/page.tsx

https://nextjs.org/docs/messages/modu
le-not-found


./components/guide-dashboard.tsx:8:1
Module not found: Can't resolve 
'@/components/ui/button'
[0m [90m  6 |[39m 
[36mimport[39m { 
[33mFileCode[39m[33m,[39m 
[33mAlertCircle[39m[33m,[39m 
[33mWrench[39m[33m,[39m 
[33mGitCommit[39m[33m,[39m 
[33mSearch[39m[33m,[39m 
[33mCheckCircle2[39m } 
[36mfrom[39m 
[32m'lucide-react'[39m[33m;[39m
 [90m  7 |[39m [36mimport[39m { 
[33mInput[39m } [36mfrom[39m [32
m'@/components/ui/input'[39m[33m;[
39m
[31m[1m>[22m[39m[90m  8 |[39m 
[36mimport[39m { [33mButton[39m 
} [36mfrom[39m [32m'@/components/u
i/button'[39m[33m;[39m
 [90m    |[39m [31m[1m^[22m[39m
[31m[1m^[22m[39m[31m[1m^[22m[
39m[31m[1m^[22m[39m[31m[1m^[22
m[39m[31m[1m^[22m[39m[31m[1m^
[22m[39m[31m[1m^[22m[39m[31m[1
m^[22m[39m[31m[1m^[22m[39m[31m
[1m^[22m[39m[31m[1m^[22m[39m[
31m[1m^[22m[39m[31m[1m^[22m[39
m[31m[1m^[22m[39m[31m[1m^[22m
[39m[31m[1m^[22m[39m[31m[1m^[2
2m[39m[31m[1m^[22m[39m[31m[1m^
[22m[39m[31m[1m^[22m[39m[31m[
1m^[22m[39m[31m[1m^[22m[39m[31
m[1m^[22m[39m[31m[1m^[22m[39m
[31m[1m^[22m[39m[31m[1m^[22m[3
9m[31m[1m^[22m[39m[31m[1m^[22m
[39m[31m[1m^[22m[39m[31m[1m^[
22m[39m[31m[1m^[22m[39m[31m[1m
^[22m[39m[31m[1m^[22m[39m[31m
[1m^[22m[39m[31m[1m^[22m[39m[3
1m[1m^[22m[39m[31m[1m^[22m[39m
[31m[1m^[22m[39m[31m[1m^[22m[
39m[31m[1m^[22m[39m[31m[1m^[22
m[39m[31m[1m^[22m[39m[31m[1m^
[22m[39m[31m[1m^[22m[39m[31m[1
m^[22m[39m[31m[1m^[22m[39m[31m
[1m^[22m[39m
 [90m  9 |[39m
 [90m 10 |[39m [36mexport[39m 
[36mfunction[39m 
[33mGuideDashboard[39m() {
 [90m 11 |[39m   [36mconst[39m 
[url[33m,[39m setUrl] [33m=[39m 
useState([32m''[39m)[33m;[39m[0m

Import map: aliased to relative 
'./components/ui/button' inside of 
[project]/


Import trace:
  Server Component:
    ./components/guide-dashboard.tsx
    ./app/guide/page.tsx

https://nextjs.org/docs/messages/modu
le-not-found


./components/guide-dashboard.tsx:5:1
Module not found: Can't resolve 
'@/components/ui/card'
[0m [90m 3 |[39m [36mimport[39m 
{ useState } [36mfrom[39m 
[32m'react'[39m[33m;[39m
 [90m 4 |[39m [36mimport[39m { 
[33mBadge[39m } [36mfrom[39m [32
m'@/components/ui/badge'[39m[33m;[
39m
[31m[1m>[22m[39m[90m 5 |[39m 
[36mimport[39m { 
[33mCard[39m[33m,[39m 
[33mCardContent[39m[33m,[39m 
[33mCardDescription[39m[33m,[39m 
[33mCardHeader[39m[33m,[39m 
[33mCardTitle[39m } [36mfrom[39m 
[32m'@/components/ui/card'[39m[33m
;[39m
 [90m   |[39m [31m[1m^[22m[39m
[31m[1m^[22m[39m[31m[1m^[22m[3
9m[31m[1m^[22m[39m[31m[1m^[22m
[39m[31m[1m^[22m[39m[31m[1m^[
22m[39m[31m[1m^[22m[39m[31m[1m
^[22m[39m[31m[1m^[22m[39m[31m
[1m^[22m[39m[31m[1m^[22m[39m[3
1m[1m^[22m[39m[31m[1m^[22m[39m
[31m[1m^[22m[39m[31m[1m^[22m[
39m[31m[1m^[22m[39m[31m[1m^[22
m[39m[31m[1m^[22m[39m[31m[1m^
[22m[39m[31m[1m^[22m[39m[31m[1
m^[22m[39m[31m[1m^[22m[39m[31m
[1m^[22m[39m[31m[1m^[22m[39m[
31m[1m^[22m[39m[31m[1m^[22m[39
m[31m[1m^[22m[39m[31m[1m^[22m
[39m[31m[1m^[22m[39m[31m[1m^[2
2m[39m[31m[1m^[22m[39m[31m[1m^
[22m[39m[31m[1m^[22m[39m[31m[
1m^[22m[39m[31m[1m^[22m[39m[31
m[1m^[22m[39m[31m[1m^[22m[39m
[31m[1m^[22m[39m[31m[1m^[22m[3
9m[31m[1m^[22m[39m[31m[1m^[22m
[39m[31m[1m^[22m[39m[31m[1m^[
22m[39m[31m[1m^[22m[39m[31m[1m
^[22m[39m[31m[1m^[22m[39m[31m
[1m^[22m[39m[31m[1m^[22m[39m[3
1m[1m^[22m[39m[31m[1m^[22m[39m
[31m[1m^[22m[39m[31m[1m^[22m[
39m[31m[1m^[22m[39m[31m[1m^[22
m[39m[31m[1m^[22m[39m[31m[1m^
[22m[39m[31m[1m^[22m[39m[31m[1
m^[22m[39m[31m[1m^[22m[39m[31m
[1m^[22m[39m[31m[1m^[22m[39m[
31m[1m^[22m[39m[31m[1m^[22m[39
m[31m[1m^[22m[39m[31m[1m^[22m
[39m[31m[1m^[22m[39m[31m[1m^[2
2m[39m[31m[1m^[22m[39m[31m[1m^
[22m[39m[31m[1m^[22m[39m[31m[
1m^[22m[39m[31m[1m^[22m[39m[31
m[1m^[22m[39m[31m[1m^[22m[39m
[31m[1m^[22m[39m[31m[1m^[22m[3
9m[31m[1m^[22m[39m[31m[1m^[22m
[39m[31m[1m^[22m[39m[31m[1m^[
22m[39m[31m[1m^[22m[39m[31m[1m
^[22m[39m[31m[1m^[22m[39m[31m
[1m^[22m[39m[31m[1m^[22m[39m[3
1m[1m^[22m[39m[31m[1m^[22m[39m
[31m[1m^[22m[39m[31m[1m^[22m[
39m[31m[1m^[22m[39m[31m[1m^[22
m[39m[31m[1m^[22m[39m[31m[1m^
[22m[39m[31m[1m^[22m[39m[31m[1
m^[22m[39m[31m[1m^[22m[39m
 [90m 6 |[39m [36mimport[39m { 
[33mFileCode[39m[33m,[39m 
[33mAlertCircle[39m[33m,[39m 
[33mWrench[39m[33m,[39m 
[33mGitCommit[39m[33m,[39m 
[33mSearch[39m[33m,[39m 
[33mCheckCircle2[39m } 
[36mfrom[39m 
[32m'lucide-react'[39m[33m;[39m
 [90m 7 |[39m [36mimport[39m { 
[33mInput[39m } [36mfrom[39m [32
m'@/components/ui/input'[39m[33m;[
39m
 [90m 8 |[39m [36mimport[39m { 
[33mButton[39m } [36mfrom[39m [3
2m'@/components/ui/button'[39m[33m;
[39m[0m

Import map: aliased to relative 
'./components/ui/card' inside of 
[project]/


Import trace:
  Server Component:
    ./components/guide-dashboard.tsx
    ./app/guide/page.tsx

https://nextjs.org/docs/messages/modu
le-not-found


./components/guide-dashboard.tsx:7:1
Module not found: Can't resolve 
'@/components/ui/input'
[0m [90m  5 |[39m 
[36mimport[39m { 
[33mCard[39m[33m,[39m 
[33mCardContent[39m[33m,[39m 
[33mCardDescription[39m[33m,[39m 
[33mCardHeader[39m[33m,[39m 
[33mCardTitle[39m } [36mfrom[39m 
[32m'@/components/ui/card'[39m[33m
;[39m
 [90m  6 |[39m [36mimport[39m { 
[33mFileCode[39m[33m,[39m 
[33mAlertCircle[39m[33m,[39m 
[33mWrench[39m[33m,[39m 
[33mGitCommit[39m[33m,[39m 
[33mSearch[39m[33m,[39m 
[33mCheckCircle2[39m } 
[36mfrom[39m 
[32m'lucide-react'[39m[33m;[39m
[31m[1m>[22m[39m[90m  7 |[39m 
[36mimport[39m { [33mInput[39m } 
[36mfrom[39m [32m'@/components/ui/
input'[39m[33m;[39m
 [90m    |[39m [31m[1m^[22m[39m
[31m[1m^[22m[39m[31m[1m^[22m[
39m[31m[1m^[22m[39m[31m[1m^[22
m[39m[31m[1m^[22m[39m[31m[1m^
[22m[39m[31m[1m^[22m[39m[31m[1
m^[22m[39m[31m[1m^[22m[39m[31m
[1m^[22m[39m[31m[1m^[22m[39m[
31m[1m^[22m[39m[31m[1m^[22m[39
m[31m[1m^[22m[39m[31m[1m^[22m
[39m[31m[1m^[22m[39m[31m[1m^[2
2m[39m[31m[1m^[22m[39m[31m[1m^
[22m[39m[31m[1m^[22m[39m[31m[
1m^[22m[39m[31m[1m^[22m[39m[31
m[1m^[22m[39m[31m[1m^[22m[39m
[31m[1m^[22m[39m[31m[1m^[22m[3
9m[31m[1m^[22m[39m[31m[1m^[22m
[39m[31m[1m^[22m[39m[31m[1m^[
22m[39m[31m[1m^[22m[39m[31m[1m
^[22m[39m[31m[1m^[22m[39m[31m
[1m^[22m[39m[31m[1m^[22m[39m[3
1m[1m^[22m[39m[31m[1m^[22m[39m
[31m[1m^[22m[39m[31m[1m^[22m[
39m[31m[1m^[22m[39m[31m[1m^[22
m[39m[31m[1m^[22m[39m[31m[1m^
[22m[39m[31m[1m^[22m[39m[31m[1
m^[22m[39m
 [90m  8 |[39m [36mimport[39m { 
[33mButton[39m } [36mfrom[39m [3
2m'@/components/ui/button'[39m[33m;
[39m
 [90m  9 |[39m
 [90m 10 |[39m [36mexport[39m 
[36mfunction[39m 
[33mGuideDashboard[39m() {[0m

Import map: aliased to relative 
'./components/ui/input' inside of 
[project]/


Import trace:
  Server Component:
    ./components/guide-dashboard.tsx
    ./app/guide/page.tsx

https://nextjs.org/docs/messages/modu
le-not-found


./app/api/guide/route.ts:2:1
Module not found: Can't resolve 
'@octokit/rest'
[0m [90m 1 |[39m [36mimport[39m 
{ [33mNextResponse[39m } 
[36mfrom[39m 
[32m'next/server'[39m[33m;[39m
[31m[1m>[22m[39m[90m 2 |[39m 
[36mimport[39m { [33mOctokit[39m 
} [36mfrom[39m 
[32m"@octokit/rest"[39m[33m;[39m
 [90m   |[39m [31m[1m^[22m[39m
[31m[1m^[22m[39m[31m[1m^[22m[3
9m[31m[1m^[22m[39m[31m[1m^[22m
[39m[31m[1m^[22m[39m[31m[1m^[
22m[39m[31m[1m^[22m[39m[31m[1m
^[22m[39m[31m[1m^[22m[39m[31m
[1m^[22m[39m[31m[1m^[22m[39m[3
1m[1m^[22m[39m[31m[1m^[22m[39m
[31m[1m^[22m[39m[31m[1m^[22m[
39m[31m[1m^[22m[39m[31m[1m^[22
m[39m[31m[1m^[22m[39m[31m[1m^
[22m[39m[31m[1m^[22m[39m[31m[1
m^[22m[39m[31m[1m^[22m[39m[31m
[1m^[22m[39m[31m[1m^[22m[39m[
31m[1m^[22m[39m[31m[1m^[22m[39
m[31m[1m^[22m[39m[31m[1m^[22m
[39m[31m[1m^[22m[39m[31m[1m^[2
2m[39m[31m[1m^[22m[39m[31m[1m^
[22m[39m[31m[1m^[22m[39m[31m[
1m^[22m[39m[31m[1m^[22m[39m[31
m[1m^[22m[39m[31m[1m^[22m[39m
[31m[1m^[22m[39m[31m[1m^[22m[3
9m
 [90m 3 |[39m [36mimport[39m { 
lingo } [36mfrom[39m 
[32m'@/lib/lingo'[39m[33m;[39m
 [90m 4 |[39m [36mimport[39m { 
[33mGoogleGenAI[39m[33m,[39m 
[33mType[39m } [36mfrom[39m 
[32m'@google/genai'[39m[33m;[39m
 [90m 5 |[39m[0m



https://nextjs.org/docs/messages/modu
le-not-found


    at <unknown> (./components/guide-
dashboard.tsx:4:1)
    at <unknown> (https://nextjs.org/
docs/messages/module-not-found)
    at <unknown> (./components/guide-
dashboard.tsx:8:1)
    at <unknown> (https://nextjs.org/
docs/messages/module-not-found)
    at <unknown> (./components/guide-
dashboard.tsx:5:1)
    at <unknown> (https://nextjs.org/
docs/messages/module-not-found)
    at <unknown> (./components/guide-
dashboard.tsx:7:1)
    at <unknown> (https://nextjs.org/
docs/messages/module-not-found)
    at <unknown> 
(./app/api/guide/route.ts:2:1)
    at <unknown> (https://nextjs.org/
docs/messages/module-not-found)
