
> contriboscope-app@0.1.0 build
> next build

Γû▓ Next.js 16.1.6 (Turbopack)
- Environments: .env.local

  Creating an optimized production build ...
Γ£ô Compiled successfully in 3.1s
  Running TypeScript ...
  Collecting page data using 11 workers ...
node.exe : Error: 
Missing credentials. 
Please pass an 
`apiKey`, or set the 
`OPENAI_API_KEY` 
environment variable.
At C:\Program Files\nod
ejs\npm.ps1:29 char:3
+   & $NODE_EXE 
$NPM_CLI_JS $args
+   ~~~~~~~~~~~~~~~~~~~
~~~~~~~~~~
    + CategoryInfo     
         : 
NotSpecified: (Err    
or: Missing ...nment v 
   ariable.:String) 
[], R    emoteException
    + 
FullyQualifiedErrorI   
 d : NativeCommandError
 
    at new iy (C:\PROJE
CTSPACE\WorkSpace\Contr
iboScope\.next\server\c
hunks\[root-of-the-serv
er]__244f61c8._.js:19:4
8437)
    at module 
evaluation (C:\PROJECTS
PACE\WorkSpace\Contribo
Scope\.next\server\chun
ks\[root-of-the-server]
__244f61c8._.js:19:6433
3)
    at 
instantiateModule (C:\P
ROJECTSPACE\WorkSpace\C
ontriboScope\.next\serv
er\chunks\[turbopack]_r
untime.js:740:9)
    at instantiateRunti
meModule (C:\PROJECTSPA
CE\WorkSpace\ContriboSc
ope\.next\server\chunks
\[turbopack]_runtime.js
:768:12)
    at getOrInstantiate
RuntimeModule (C:\PROJE
CTSPACE\WorkSpace\Contr
iboScope\.next\server\c
hunks\[turbopack]_runti
me.js:781:12)
    at Object.m (C:\PRO
JECTSPACE\WorkSpace\Con
triboScope\.next\server
\chunks\[turbopack]_run
time.js:790:18)
    at 
Object.<anonymous> (C:\
PROJECTSPACE\WorkSpace\
ContriboScope\.next\ser
ver\app\api\analyze\rou
te.js:7:3)

> Build error occurred
Error: Failed to 
collect page data for 
/api/analyze
    at ignore-listed 
frames {
  type: 'Error'
}
